// 重构日志: 2be31bde
// 重构日志: 6ce2e664
// 重构日志: 354e8c66
// 重构日志: 39f8a331
// 重构日志: 92fda41d
// 重构日志: e56b2a1e
// 重构日志: e1a86096
// 重构日志: 2d6e992a
// 同步 ID: 6a56c76d @ Thu Jul 16 07:00:22 UTC 2026
// 同步 ID: 08e1a9c0 @ Thu Jul 16 17:39:49 UTC 2026
// 同步 ID: 58747253 @ Sat Jul 18 06:46:03 UTC 2026
// 同步 ID: ededa331 @ Sun Jul 19 12:19:59 UTC 2026
// 重构日志: 2afdda66
// 重构日志: 8e2f9273
// 重构日志: 9f483eb1
// 同步 ID: a070af31 @ Wed Jul 22 18:35:17 UTC 2026
// 重构日志: 03d0dcb1
// 重构日志: d707409c
// 重构日志: 85cdacba
// 同步 ID: 227719ca @ Mon Jul 27 18:01:07 UTC 2026
// 重构日志: 8f841c40
// 重构日志: e1438914
// 重构日志: 46ec6e01
// 重构日志: 278ab1a7
// 重构日志: 2cc19aa5
// 重构日志: d09bbe08
// 同步 ID: 2dba61e3 @ Fri Jul 31 12:37:53 UTC 2026
// 重构日志: 2e1adda5
// 同步 ID: 585ebfa4 @ Sat Aug  1 11:20:23 UTC 2026
// 重构日志: 8a619b73
// 重构日志: 770a6581
// 重构日志: 85dee27c
